// Jest Snapshot v1, https://goo.gl/fbAQLP

exports[`DetailHeader Component renders correctly 1`] = `
<DocumentFragment>
  <div
    class="MuiGrid-root  sm:mr-1 sm:ml-1 md:mr-10 md:ml-10 xl:ml-3 xl:mr-3 xlmin:mr-20 xlmin:ml-20 css-vj1n65-MuiGrid-root"
    style="height: 200px; border-radius: 12px; margin-top: 10px; position: relative;"
  >
    <div
      class="MuiGrid-root flex items-center absolute -bottom-3 css-vj1n65-MuiGrid-root"
      style="right: 40px;"
    >
      <div
        class="MuiGrid-root css-vj1n65-MuiGrid-root"
      >
        <img
          alt=""
          src="http://localhost:8000/undefined"
          style="border-radius: 50%; width: 160px; height: 160px;"
        />
      </div>
      <div
        class="MuiGrid-root css-vj1n65-MuiGrid-root"
      >
        <div
          class="MuiGrid-root MuiGrid-item css-13i4rnv-MuiGrid-root"
          style="margin-bottom: 15px;"
        >
          <p
            class="MuiTypography-root MuiTypography-body1 css-ahj2mt-MuiTypography-root"
            style="font-size: 24px; color: white; margin-bottom: 0px;"
          />
        </div>
        <div
          class="MuiGrid-root MuiGrid-item css-13i4rnv-MuiGrid-root"
          style="display: flex; align-items: center;"
        >
          <div
            class="MuiGrid-root MuiGrid-item css-13i4rnv-MuiGrid-root"
          >
            <button
              class="MuiButtonBase-root Mui-disabled MuiIconButton-root Mui-disabled MuiIconButton-sizeMedium css-78trlr-MuiButtonBase-root-MuiIconButton-root"
              disabled=""
              tabindex="-1"
              type="button"
            >
              <svg
                aria-hidden="true"
                class="MuiSvgIcon-root MuiSvgIcon-fontSizeMedium css-i4bv87-MuiSvgIcon-root"
                data-testid="BusinessIcon"
                focusable="false"
                style="color: white;"
                viewBox="0 0 24 24"
              >
                <path
                  d="M12 7V3H2v18h20V7H12zM6 19H4v-2h2v2zm0-4H4v-2h2v2zm0-4H4V9h2v2zm0-4H4V5h2v2zm4 12H8v-2h2v2zm0-4H8v-2h2v2zm0-4H8V9h2v2zm0-4H8V5h2v2zm10 12h-8v-2h2v-2h-2v-2h2v-2h-2V9h8v10zm-2-8h-2v2h2v-2zm0 4h-2v2h2v-2z"
                />
              </svg>
            </button>
          </div>
          <div
            class="MuiGrid-root MuiGrid-item css-13i4rnv-MuiGrid-root"
          >
            <p
              class="MuiTypography-root MuiTypography-body1 css-ahj2mt-MuiTypography-root"
              style="font-size: 12px; color: white;"
            />
          </div>
        </div>
      </div>
    </div>
    <div
      class="MuiGrid-root MuiGrid-item absolute left-0 bottom-3 css-13i4rnv-MuiGrid-root"
    >
      <button
        class="MuiButtonBase-root MuiButton-root MuiButton-contained MuiButton-containedPrimary MuiButton-sizeMedium MuiButton-containedSizeMedium MuiButton-root MuiButton-contained MuiButton-containedPrimary MuiButton-sizeMedium MuiButton-containedSizeMedium !ml-[5px] !bg-white !text-primary css-sghohy-MuiButtonBase-root-MuiButton-root"
        tabindex="0"
        type="button"
      >
        اطلاعات شرکت
        <span
          class="MuiTouchRipple-root css-8je8zh-MuiTouchRipple-root"
        />
      </button>
      <button
        class="MuiButtonBase-root MuiIconButton-root MuiIconButton-sizeMedium css-78trlr-MuiButtonBase-root-MuiIconButton-root"
        style="margin-left: 5px; padding: 5px;"
        tabindex="0"
        type="button"
      >
        <svg
          aria-hidden="true"
          class="MuiSvgIcon-root MuiSvgIcon-fontSizeMedium text-white css-i4bv87-MuiSvgIcon-root"
          data-testid="BookmarkBorderOutlinedIcon"
          focusable="false"
          viewBox="0 0 24 24"
        >
          <path
            d="M17 3H7c-1.1 0-2 .9-2 2v16l7-3 7 3V5c0-1.1-.9-2-2-2zm0 15-5-2.18L7 18V5h10v13z"
          />
        </svg>
         
        <span
          class="MuiTouchRipple-root css-8je8zh-MuiTouchRipple-root"
        />
      </button>
    </div>
  </div>
</DocumentFragment>
`;
