// Jest Snapshot v1, https://goo.gl/fbAQLP

exports[`renders CustomPagination correctly 1`] = `
<nav
  aria-label="pagination navigation"
  class="MuiPagination-root MuiPagination-text css-1oj2twp-MuiPagination-root"
>
  <ul
    class="MuiPagination-ul css-wjh20t-MuiPagination-ul"
  >
    <li>
      <button
        aria-label="Go to previous page"
        class="MuiButtonBase-root Mui-disabled MuiPaginationItem-root MuiPaginationItem-sizeMedium MuiPaginationItem-text MuiPaginationItem-circular MuiPaginationItem-textPrimary Mui-disabled MuiPaginationItem-previousNext css-1to7aaw-MuiButtonBase-root-MuiPaginationItem-root"
        disabled=""
        style="border-radius: 50%;"
        tabindex="-1"
        type="button"
      >
        <svg
          aria-hidden="true"
          class="MuiSvgIcon-root MuiSvgIcon-fontSizeMedium MuiPaginationItem-icon css-g2z002-MuiSvgIcon-root-MuiPaginationItem-icon"
          data-testid="ChevronRightIcon"
          focusable="false"
          viewBox="0 0 24 24"
        >
          <path
            d="M10 6 8.59 7.41 13.17 12l-4.58 4.59L10 18l6-6z"
          />
        </svg>
      </button>
    </li>
    <li>
      <button
        aria-current="true"
        aria-label="page 1"
        class="MuiButtonBase-root MuiPaginationItem-root MuiPaginationItem-sizeMedium MuiPaginationItem-text MuiPaginationItem-circular MuiPaginationItem-textPrimary Mui-selected MuiPaginationItem-page css-1to7aaw-MuiButtonBase-root-MuiPaginationItem-root"
        style="border-radius: 50%;"
        tabindex="0"
        type="button"
      >
        1
        <span
          class="MuiTouchRipple-root css-8je8zh-MuiTouchRipple-root"
        />
      </button>
    </li>
    <li>
      <button
        aria-label="Go to page 2"
        class="MuiButtonBase-root MuiPaginationItem-root MuiPaginationItem-sizeMedium MuiPaginationItem-text MuiPaginationItem-circular MuiPaginationItem-textPrimary MuiPaginationItem-page css-1to7aaw-MuiButtonBase-root-MuiPaginationItem-root"
        style="border-radius: 50%;"
        tabindex="0"
        type="button"
      >
        2
        <span
          class="MuiTouchRipple-root css-8je8zh-MuiTouchRipple-root"
        />
      </button>
    </li>
    <li>
      <button
        aria-label="Go to page 3"
        class="MuiButtonBase-root MuiPaginationItem-root MuiPaginationItem-sizeMedium MuiPaginationItem-text MuiPaginationItem-circular MuiPaginationItem-textPrimary MuiPaginationItem-page css-1to7aaw-MuiButtonBase-root-MuiPaginationItem-root"
        style="border-radius: 50%;"
        tabindex="0"
        type="button"
      >
        3
        <span
          class="MuiTouchRipple-root css-8je8zh-MuiTouchRipple-root"
        />
      </button>
    </li>
    <li>
      <button
        aria-label="Go to page 4"
        class="MuiButtonBase-root MuiPaginationItem-root MuiPaginationItem-sizeMedium MuiPaginationItem-text MuiPaginationItem-circular MuiPaginationItem-textPrimary MuiPaginationItem-page css-1to7aaw-MuiButtonBase-root-MuiPaginationItem-root"
        style="border-radius: 50%;"
        tabindex="0"
        type="button"
      >
        4
        <span
          class="MuiTouchRipple-root css-8je8zh-MuiTouchRipple-root"
        />
      </button>
    </li>
    <li>
      <button
        aria-label="Go to page 5"
        class="MuiButtonBase-root MuiPaginationItem-root MuiPaginationItem-sizeMedium MuiPaginationItem-text MuiPaginationItem-circular MuiPaginationItem-textPrimary MuiPaginationItem-page css-1to7aaw-MuiButtonBase-root-MuiPaginationItem-root"
        style="border-radius: 50%;"
        tabindex="0"
        type="button"
      >
        5
        <span
          class="MuiTouchRipple-root css-8je8zh-MuiTouchRipple-root"
        />
      </button>
    </li>
    <li>
      <div
        class="MuiPaginationItem-root MuiPaginationItem-sizeMedium MuiPaginationItem-text MuiPaginationItem-circular MuiPaginationItem-textPrimary MuiPaginationItem-ellipsis css-1v2lvtn-MuiPaginationItem-root"
      >
        â€¦
      </div>
    </li>
    <li>
      <button
        aria-label="Go to page 10"
        class="MuiButtonBase-root MuiPaginationItem-root MuiPaginationItem-sizeMedium MuiPaginationItem-text MuiPaginationItem-circular MuiPaginationItem-textPrimary MuiPaginationItem-page css-1to7aaw-MuiButtonBase-root-MuiPaginationItem-root"
        style="border-radius: 50%;"
        tabindex="0"
        type="button"
      >
        10
        <span
          class="MuiTouchRipple-root css-8je8zh-MuiTouchRipple-root"
        />
      </button>
    </li>
    <li>
      <button
        aria-label="Go to next page"
        class="MuiButtonBase-root MuiPaginationItem-root MuiPaginationItem-sizeMedium MuiPaginationItem-text MuiPaginationItem-circular MuiPaginationItem-textPrimary MuiPaginationItem-previousNext css-1to7aaw-MuiButtonBase-root-MuiPaginationItem-root"
        style="border-radius: 50%;"
        tabindex="0"
        type="button"
      >
        <svg
          aria-hidden="true"
          class="MuiSvgIcon-root MuiSvgIcon-fontSizeMedium MuiPaginationItem-icon css-g2z002-MuiSvgIcon-root-MuiPaginationItem-icon"
          data-testid="ChevronLeftIcon"
          focusable="false"
          viewBox="0 0 24 24"
        >
          <path
            d="M15.41 7.41 14 6l-6 6 6 6 1.41-1.41L10.83 12z"
          />
        </svg>
        <span
          class="MuiTouchRipple-root css-8je8zh-MuiTouchRipple-root"
        />
      </button>
    </li>
  </ul>
</nav>
`;
